Traceback (most recent call last):
  File "/Library/Frameworks/Python.framework/Versions/3.14/bin/streamlit", line 6, in <module>
    sys.exit(main())
             ~~~~^^
  File "/Library/Frameworks/Python.framework/Versions/3.14/lib/python3.14/site-packages/click/core.py", line 1514, in __call__
    return self.main(*args, **kwargs)
           ~~~~~~~~~^^^^^^^^^^^^^^^^^
  File "/Library/Frameworks/Python.framework/Versions/3.14/lib/python3.14/site-packages/click/core.py", line 1435, in main
    rv = self.invoke(ctx)
  File "/Library/Frameworks/Python.framework/Versions/3.14/lib/python3.14/site-packages/click/core.py", line 1902, in invoke
    return _process_result(sub_ctx.command.invoke(sub_ctx))
                           ~~~~~~~~~~~~~~~~~~~~~~^^^^^^^^^
  File "/Library/Frameworks/Python.framework/Versions/3.14/lib/python3.14/site-packages/click/core.py", line 1298, in invoke
    return ctx.invoke(self.callback, **ctx.params)
           ~~~~~~~~~~^^^^^^^^^^^^^^^^^^^^^^^^^^^^^
  File "/Library/Frameworks/Python.framework/Versions/3.14/lib/python3.14/site-packages/click/core.py", line 853, in invoke
    return callback(*args, **kwargs)
  File "/Library/Frameworks/Python.framework/Versions/3.14/lib/python3.14/site-packages/streamlit/web/cli.py", line 251, in main_run
    _main_run(path_str, args, flag_options=kwargs)
    ~~~~~~~~~^^^^^^^^^^^^^^^^^^^^^^^^^^^^^^^^^^^^^
  File "/Library/Frameworks/Python.framework/Versions/3.14/lib/python3.14/site-packages/streamlit/web/cli.py", line 298, in _main_run
    bootstrap.load_config_options(flag_options=flag_options or {})
    ~~~~~~~~~~~~~~~~~~~~~~~~~~~~~^^^^^^^^^^^^^^^^^^^^^^^^^^^^^^^^^
  File "/Library/Frameworks/Python.framework/Versions/3.14/lib/python3.14/site-packages/streamlit/web/bootstrap.py", line 294, in load_config_options
    config.get_config_options(force_reparse=True, options_from_flags=options_from_flags)
    ~~~~~~~~~~~~~~~~~~~~~~~~~^^^^^^^^^^^^^^^^^^^^^^^^^^^^^^^^^^^^^^^^^^^^^^^^^^^^^^^^^^^
  File "/Library/Frameworks/Python.framework/Versions/3.14/lib/python3.14/site-packages/streamlit/config.py", line 2788, in get_config_options
    config_files = get_config_files("config.toml")
  File "/Library/Frameworks/Python.framework/Versions/3.14/lib/python3.14/site-packages/streamlit/config.py", line 2725, in get_config_files
    file_util.get_project_streamlit_file_path(file_name),
    ~~~~~~~~~~~~~~~~~~~~~~~~~~~~~~~~~~~~~~~~~^^^^^^^^^^^
  File "/Library/Frameworks/Python.framework/Versions/3.14/lib/python3.14/site-packages/streamlit/file_util.py", line 156, in get_project_streamlit_file_path
    return str(Path.cwd() / CONFIG_FOLDER_NAME / Path(*filepath))
               ~~~~~~~~^^
  File "/Library/Frameworks/Python.framework/Versions/3.14/lib/python3.14/pathlib/__init__.py", line 927, in cwd
    cwd = os.getcwd()
PermissionError: [Errno 1] Operation not permitted
